// Jest Snapshot v1, https://goo.gl/fbAQLP

exports[`App must snapshot 1`] = `
<body>
  <div>
    <div
      id="main"
    >
      <h1>
        Hello 
        Brello
        !
      </h1>
       
      <div>
        <a
          class=""
          href=""
        >
          Test1
        </a>
         
        <a
          class=""
          href=""
        >
          Test2
        </a>
         
        <div />
      </div>
    </div>
  </div>
</body>
`;
